------------------------------------------------------------
TimeQuest Timing Analyzer Summary
------------------------------------------------------------

Type  : Slow 1200mV 85C Model Setup 'cpu:cpu|id_ex:IDEX|aluOpRegister[0]'
Slack : -141.480
TNS   : -9366.314

Type  : Slow 1200mV 85C Model Setup 'pll|altpll_component|auto_generated|pll1|clk[0]'
Slack : -9.178
TNS   : -348.354

Type  : Slow 1200mV 85C Model Setup 'mem|pll|altpll_component|auto_generated|pll1|clk[0]'
Slack : -8.260
TNS   : -1939.946

Type  : Slow 1200mV 85C Model Setup 'data_memory:mem|state1.11'
Slack : -7.681
TNS   : -89.602

Type  : Slow 1200mV 85C Model Setup 'data_memory:mem|state1.00'
Slack : -6.633
TNS   : -92.993

Type  : Slow 1200mV 85C Model Setup 'data_memory:mem|state1.01'
Slack : -6.372
TNS   : -88.490

Type  : Slow 1200mV 85C Model Setup 'data_memory:mem|state1.10'
Slack : -6.287
TNS   : -87.375

Type  : Slow 1200mV 85C Model Setup 'clock_50MHz'
Slack : -6.027
TNS   : -1027.655

Type  : Slow 1200mV 85C Model Setup 'cpu:cpu|ex_mem:EXMEN|ALURegister[0]'
Slack : -5.039
TNS   : -167.839

Type  : Slow 1200mV 85C Model Setup 'cpu:cpu|control_unit:ControlUnit|branch[0]'
Slack : -3.163
TNS   : -3.163

Type  : Slow 1200mV 85C Model Setup 'cpu:cpu|if_id:IFID|instructionRegister[26]'
Slack : -2.617
TNS   : -21.836

Type  : Slow 1200mV 85C Model Setup 'cpu:cpu|if_id:IFID|instructionRegister[0]'
Slack : -2.165
TNS   : -9.734

Type  : Slow 1200mV 85C Model Hold 'cpu:cpu|if_id:IFID|instructionRegister[0]'
Slack : -4.552
TNS   : -21.494

Type  : Slow 1200mV 85C Model Hold 'cpu:cpu|ex_mem:EXMEN|ALURegister[0]'
Slack : -4.072
TNS   : -152.452

Type  : Slow 1200mV 85C Model Hold 'cpu:cpu|if_id:IFID|instructionRegister[26]'
Slack : -3.490
TNS   : -24.899

Type  : Slow 1200mV 85C Model Hold 'clock_50MHz'
Slack : -1.283
TNS   : -17.337

Type  : Slow 1200mV 85C Model Hold 'cpu:cpu|id_ex:IDEX|aluOpRegister[0]'
Slack : -0.675
TNS   : -3.065

Type  : Slow 1200mV 85C Model Hold 'mem|pll|altpll_component|auto_generated|pll1|clk[0]'
Slack : 0.445
TNS   : 0.000

Type  : Slow 1200mV 85C Model Hold 'pll|altpll_component|auto_generated|pll1|clk[0]'
Slack : 0.568
TNS   : 0.000

Type  : Slow 1200mV 85C Model Hold 'data_memory:mem|state1.01'
Slack : 1.231
TNS   : 0.000

Type  : Slow 1200mV 85C Model Hold 'data_memory:mem|state1.00'
Slack : 1.888
TNS   : 0.000

Type  : Slow 1200mV 85C Model Hold 'data_memory:mem|state1.11'
Slack : 1.961
TNS   : 0.000

Type  : Slow 1200mV 85C Model Hold 'data_memory:mem|state1.10'
Slack : 2.212
TNS   : 0.000

Type  : Slow 1200mV 85C Model Hold 'cpu:cpu|control_unit:ControlUnit|branch[0]'
Slack : 2.216
TNS   : 0.000

Type  : Slow 1200mV 85C Model Minimum Pulse Width 'mem|pll|altpll_component|auto_generated|pll1|clk[0]'
Slack : -1.193
TNS   : -305.408

Type  : Slow 1200mV 85C Model Minimum Pulse Width 'cpu:cpu|ex_mem:EXMEN|ALURegister[0]'
Slack : -0.169
TNS   : -2.801

Type  : Slow 1200mV 85C Model Minimum Pulse Width 'cpu:cpu|if_id:IFID|instructionRegister[0]'
Slack : -0.061
TNS   : -0.309

Type  : Slow 1200mV 85C Model Minimum Pulse Width 'cpu:cpu|if_id:IFID|instructionRegister[26]'
Slack : 0.104
TNS   : 0.000

Type  : Slow 1200mV 85C Model Minimum Pulse Width 'data_memory:mem|state1.11'
Slack : 0.349
TNS   : 0.000

Type  : Slow 1200mV 85C Model Minimum Pulse Width 'data_memory:mem|state1.10'
Slack : 0.377
TNS   : 0.000

Type  : Slow 1200mV 85C Model Minimum Pulse Width 'data_memory:mem|state1.01'
Slack : 0.387
TNS   : 0.000

Type  : Slow 1200mV 85C Model Minimum Pulse Width 'data_memory:mem|state1.00'
Slack : 0.407
TNS   : 0.000

Type  : Slow 1200mV 85C Model Minimum Pulse Width 'cpu:cpu|control_unit:ControlUnit|branch[0]'
Slack : 0.436
TNS   : 0.000

Type  : Slow 1200mV 85C Model Minimum Pulse Width 'cpu:cpu|id_ex:IDEX|aluOpRegister[0]'
Slack : 0.441
TNS   : 0.000

Type  : Slow 1200mV 85C Model Minimum Pulse Width 'clock_50MHz'
Slack : 9.602
TNS   : 0.000

Type  : Slow 1200mV 85C Model Minimum Pulse Width 'pll|altpll_component|auto_generated|pll1|clk[0]'
Slack : 52083.053
TNS   : 0.000

Type  : Slow 1200mV 0C Model Setup 'cpu:cpu|id_ex:IDEX|aluOpRegister[0]'
Slack : -128.042
TNS   : -8480.365

Type  : Slow 1200mV 0C Model Setup 'pll|altpll_component|auto_generated|pll1|clk[0]'
Slack : -8.328
TNS   : -316.013

Type  : Slow 1200mV 0C Model Setup 'data_memory:mem|state1.11'
Slack : -7.339
TNS   : -84.589

Type  : Slow 1200mV 0C Model Setup 'mem|pll|altpll_component|auto_generated|pll1|clk[0]'
Slack : -7.204
TNS   : -1682.335

Type  : Slow 1200mV 0C Model Setup 'data_memory:mem|state1.00'
Slack : -6.341
TNS   : -87.166

Type  : Slow 1200mV 0C Model Setup 'data_memory:mem|state1.01'
Slack : -6.065
TNS   : -83.913

Type  : Slow 1200mV 0C Model Setup 'data_memory:mem|state1.10'
Slack : -5.998
TNS   : -82.805

Type  : Slow 1200mV 0C Model Setup 'clock_50MHz'
Slack : -5.441
TNS   : -916.652

Type  : Slow 1200mV 0C Model Setup 'cpu:cpu|ex_mem:EXMEN|ALURegister[0]'
Slack : -4.859
TNS   : -157.459

Type  : Slow 1200mV 0C Model Setup 'cpu:cpu|control_unit:ControlUnit|branch[0]'
Slack : -2.867
TNS   : -2.867

Type  : Slow 1200mV 0C Model Setup 'cpu:cpu|if_id:IFID|instructionRegister[26]'
Slack : -2.467
TNS   : -20.339

Type  : Slow 1200mV 0C Model Setup 'cpu:cpu|if_id:IFID|instructionRegister[0]'
Slack : -2.029
TNS   : -9.302

Type  : Slow 1200mV 0C Model Hold 'cpu:cpu|if_id:IFID|instructionRegister[0]'
Slack : -4.058
TNS   : -19.083

Type  : Slow 1200mV 0C Model Hold 'cpu:cpu|ex_mem:EXMEN|ALURegister[0]'
Slack : -3.609
TNS   : -135.372

Type  : Slow 1200mV 0C Model Hold 'cpu:cpu|if_id:IFID|instructionRegister[26]'
Slack : -3.100
TNS   : -21.996

Type  : Slow 1200mV 0C Model Hold 'clock_50MHz'
Slack : -1.191
TNS   : -16.072

Type  : Slow 1200mV 0C Model Hold 'cpu:cpu|id_ex:IDEX|aluOpRegister[0]'
Slack : -0.536
TNS   : -3.049

Type  : Slow 1200mV 0C Model Hold 'mem|pll|altpll_component|auto_generated|pll1|clk[0]'
Slack : 0.342
TNS   : 0.000

Type  : Slow 1200mV 0C Model Hold 'pll|altpll_component|auto_generated|pll1|clk[0]'
Slack : 0.520
TNS   : 0.000

Type  : Slow 1200mV 0C Model Hold 'data_memory:mem|state1.01'
Slack : 1.295
TNS   : 0.000

Type  : Slow 1200mV 0C Model Hold 'data_memory:mem|state1.00'
Slack : 1.794
TNS   : 0.000

Type  : Slow 1200mV 0C Model Hold 'data_memory:mem|state1.11'
Slack : 1.938
TNS   : 0.000

Type  : Slow 1200mV 0C Model Hold 'cpu:cpu|control_unit:ControlUnit|branch[0]'
Slack : 2.110
TNS   : 0.000

Type  : Slow 1200mV 0C Model Hold 'data_memory:mem|state1.10'
Slack : 2.186
TNS   : 0.000

Type  : Slow 1200mV 0C Model Minimum Pulse Width 'mem|pll|altpll_component|auto_generated|pll1|clk[0]'
Slack : -1.149
TNS   : -294.144

Type  : Slow 1200mV 0C Model Minimum Pulse Width 'cpu:cpu|ex_mem:EXMEN|ALURegister[0]'
Slack : -0.167
TNS   : -2.731

Type  : Slow 1200mV 0C Model Minimum Pulse Width 'cpu:cpu|if_id:IFID|instructionRegister[0]'
Slack : -0.085
TNS   : -0.643

Type  : Slow 1200mV 0C Model Minimum Pulse Width 'cpu:cpu|if_id:IFID|instructionRegister[26]'
Slack : 0.097
TNS   : 0.000

Type  : Slow 1200mV 0C Model Minimum Pulse Width 'data_memory:mem|state1.00'
Slack : 0.366
TNS   : 0.000

Type  : Slow 1200mV 0C Model Minimum Pulse Width 'cpu:cpu|id_ex:IDEX|aluOpRegister[0]'
Slack : 0.422
TNS   : 0.000

Type  : Slow 1200mV 0C Model Minimum Pulse Width 'data_memory:mem|state1.11'
Slack : 0.428
TNS   : 0.000

Type  : Slow 1200mV 0C Model Minimum Pulse Width 'data_memory:mem|state1.10'
Slack : 0.430
TNS   : 0.000

Type  : Slow 1200mV 0C Model Minimum Pulse Width 'data_memory:mem|state1.01'
Slack : 0.444
TNS   : 0.000

Type  : Slow 1200mV 0C Model Minimum Pulse Width 'cpu:cpu|control_unit:ControlUnit|branch[0]'
Slack : 0.453
TNS   : 0.000

Type  : Slow 1200mV 0C Model Minimum Pulse Width 'clock_50MHz'
Slack : 9.562
TNS   : 0.000

Type  : Slow 1200mV 0C Model Minimum Pulse Width 'pll|altpll_component|auto_generated|pll1|clk[0]'
Slack : 52083.055
TNS   : 0.000

Type  : Fast 1200mV 0C Model Setup 'cpu:cpu|id_ex:IDEX|aluOpRegister[0]'
Slack : -69.822
TNS   : -4619.203

Type  : Fast 1200mV 0C Model Setup 'pll|altpll_component|auto_generated|pll1|clk[0]'
Slack : -4.910
TNS   : -185.861

Type  : Fast 1200mV 0C Model Setup 'data_memory:mem|state1.11'
Slack : -3.811
TNS   : -38.833

Type  : Fast 1200mV 0C Model Setup 'data_memory:mem|state1.00'
Slack : -3.257
TNS   : -41.884

Type  : Fast 1200mV 0C Model Setup 'mem|pll|altpll_component|auto_generated|pll1|clk[0]'
Slack : -3.193
TNS   : -700.662

Type  : Fast 1200mV 0C Model Setup 'data_memory:mem|state1.01'
Slack : -3.091
TNS   : -37.926

Type  : Fast 1200mV 0C Model Setup 'data_memory:mem|state1.10'
Slack : -2.849
TNS   : -37.639

Type  : Fast 1200mV 0C Model Setup 'clock_50MHz'
Slack : -2.720
TNS   : -437.600

Type  : Fast 1200mV 0C Model Setup 'cpu:cpu|ex_mem:EXMEN|ALURegister[0]'
Slack : -2.562
TNS   : -77.077

Type  : Fast 1200mV 0C Model Setup 'cpu:cpu|control_unit:ControlUnit|branch[0]'
Slack : -1.253
TNS   : -1.253

Type  : Fast 1200mV 0C Model Setup 'cpu:cpu|if_id:IFID|instructionRegister[26]'
Slack : -0.755
TNS   : -5.595

Type  : Fast 1200mV 0C Model Setup 'cpu:cpu|if_id:IFID|instructionRegister[0]'
Slack : -0.647
TNS   : -2.788

Type  : Fast 1200mV 0C Model Hold 'cpu:cpu|if_id:IFID|instructionRegister[0]'
Slack : -2.392
TNS   : -11.524

Type  : Fast 1200mV 0C Model Hold 'cpu:cpu|ex_mem:EXMEN|ALURegister[0]'
Slack : -2.321
TNS   : -97.581

Type  : Fast 1200mV 0C Model Hold 'cpu:cpu|if_id:IFID|instructionRegister[26]'
Slack : -1.886
TNS   : -13.683

Type  : Fast 1200mV 0C Model Hold 'clock_50MHz'
Slack : -0.682
TNS   : -9.390

Type  : Fast 1200mV 0C Model Hold 'cpu:cpu|id_ex:IDEX|aluOpRegister[0]'
Slack : -0.403
TNS   : -2.000

Type  : Fast 1200mV 0C Model Hold 'mem|pll|altpll_component|auto_generated|pll1|clk[0]'
Slack : 0.217
TNS   : 0.000

Type  : Fast 1200mV 0C Model Hold 'data_memory:mem|state1.01'
Slack : 0.227
TNS   : 0.000

Type  : Fast 1200mV 0C Model Hold 'pll|altpll_component|auto_generated|pll1|clk[0]'
Slack : 0.257
TNS   : 0.000

Type  : Fast 1200mV 0C Model Hold 'data_memory:mem|state1.11'
Slack : 0.647
TNS   : 0.000

Type  : Fast 1200mV 0C Model Hold 'data_memory:mem|state1.00'
Slack : 0.749
TNS   : 0.000

Type  : Fast 1200mV 0C Model Hold 'data_memory:mem|state1.10'
Slack : 0.752
TNS   : 0.000

Type  : Fast 1200mV 0C Model Hold 'cpu:cpu|control_unit:ControlUnit|branch[0]'
Slack : 1.280
TNS   : 0.000

Type  : Fast 1200mV 0C Model Minimum Pulse Width 'cpu:cpu|ex_mem:EXMEN|ALURegister[0]'
Slack : 0.126
TNS   : 0.000

Type  : Fast 1200mV 0C Model Minimum Pulse Width 'cpu:cpu|if_id:IFID|instructionRegister[0]'
Slack : 0.136
TNS   : 0.000

Type  : Fast 1200mV 0C Model Minimum Pulse Width 'cpu:cpu|if_id:IFID|instructionRegister[26]'
Slack : 0.250
TNS   : 0.000

Type  : Fast 1200mV 0C Model Minimum Pulse Width 'data_memory:mem|state1.01'
Slack : 0.266
TNS   : 0.000

Type  : Fast 1200mV 0C Model Minimum Pulse Width 'data_memory:mem|state1.10'
Slack : 0.288
TNS   : 0.000

Type  : Fast 1200mV 0C Model Minimum Pulse Width 'data_memory:mem|state1.11'
Slack : 0.296
TNS   : 0.000

Type  : Fast 1200mV 0C Model Minimum Pulse Width 'data_memory:mem|state1.00'
Slack : 0.324
TNS   : 0.000

Type  : Fast 1200mV 0C Model Minimum Pulse Width 'cpu:cpu|control_unit:ControlUnit|branch[0]'
Slack : 0.371
TNS   : 0.000

Type  : Fast 1200mV 0C Model Minimum Pulse Width 'cpu:cpu|id_ex:IDEX|aluOpRegister[0]'
Slack : 0.375
TNS   : 0.000

Type  : Fast 1200mV 0C Model Minimum Pulse Width 'mem|pll|altpll_component|auto_generated|pll1|clk[0]'
Slack : 0.500
TNS   : 0.000

Type  : Fast 1200mV 0C Model Minimum Pulse Width 'clock_50MHz'
Slack : 9.243
TNS   : 0.000

Type  : Fast 1200mV 0C Model Minimum Pulse Width 'pll|altpll_component|auto_generated|pll1|clk[0]'
Slack : 52083.115
TNS   : 0.000

------------------------------------------------------------
